[
	'input_document_clsid' => 'receivedorders',
	'output_document_clsid' => 'billsofdelivery',
	'input_documents' => '1000000001',
	'params' => ['docqueue_id' => '1000000001', 'otherParam' => 'otherValue'],
]
