[
	'name' => 'test',
	'rows' => [['id' => '1000000120', 'storecard_id' => '1000000001']],
]
