Data command parameter - array was expected, instance of 'name' given