Column of orderBy command is supposed to be string, intance of stdClass given